error: malformed `inline` attribute input
  --> $DIR/issue-43106-gating-of-inline.rs:17:5
   |
LL |     #[inline = "2100"] fn f() { }
   |     ^^^^^^^^^^^^^^^^^^
   |
help: the following are the possible correct uses
   |
LL |     #[inline] fn f() { }
   |     ^^^^^^^^^
LL |     #[inline(always|never)] fn f() { }
   |     ^^^^^^^^^^^^^^^^^^^^^^^

error[E0518]: attribute should be applied to function or closure
  --> $DIR/issue-43106-gating-of-inline.rs:11:1
   |
LL |   #[inline]
   |   ^^^^^^^^^
LL |
LL | / mod inline {
LL | |     mod inner { #![inline] }
LL | |
LL | |
...  |
LL | |
LL | | }
   | |_- not a function or closure

error[E0518]: attribute should be applied to function or closure
  --> $DIR/issue-43106-gating-of-inline.rs:14:17
   |
LL |     mod inner { #![inline] }
   |     ------------^^^^^^^^^^-- not a function or closure

error[E0518]: attribute should be applied to function or closure
  --> $DIR/issue-43106-gating-of-inline.rs:21:5
   |
LL |     #[inline] struct S;
   |     ^^^^^^^^^ --------- not a function or closure

error[E0518]: attribute should be applied to function or closure
  --> $DIR/issue-43106-gating-of-inline.rs:24:5
   |
LL |     #[inline] type T = S;
   |     ^^^^^^^^^ ----------- not a function or closure

error[E0518]: attribute should be applied to function or closure
  --> $DIR/issue-43106-gating-of-inline.rs:27:5
   |
LL |     #[inline] impl S { }
   |     ^^^^^^^^^ ---------- not a function or closure

error: aborting due to 6 previous errors

For more information about this error, try `rustc --explain E0518`.
