error: `await` is a keyword in the 2018 edition
  --> $DIR/2015-edition-warning.rs:7:13
   |
LL |     pub mod await {
   |             ^^^^^ help: you can use a raw identifier to stay compatible: `r#await`
   |
note: lint level defined here
  --> $DIR/2015-edition-warning.rs:4:9
   |
LL | #![deny(keyword_idents)]
   |         ^^^^^^^^^^^^^^
   = warning: this was previously accepted by the compiler but is being phased out
   = warning: it will become a hard error in the 2018 edition!
   = note: for more information, see issue #49716 <https://github.com/rust-lang/rust/issues/49716>

error: `await` is a keyword in the 2018 edition
  --> $DIR/2015-edition-warning.rs:11:20
   |
LL |         pub struct await;
   |                    ^^^^^ help: you can use a raw identifier to stay compatible: `r#await`
   |
   = warning: this was previously accepted by the compiler but is being phased out
   = warning: it will become a hard error in the 2018 edition!
   = note: for more information, see issue #49716 <https://github.com/rust-lang/rust/issues/49716>

error: `await` is a keyword in the 2018 edition
  --> $DIR/2015-edition-warning.rs:17:16
   |
LL | use outer_mod::await::await;
   |                ^^^^^ help: you can use a raw identifier to stay compatible: `r#await`
   |
   = warning: this was previously accepted by the compiler but is being phased out
   = warning: it will become a hard error in the 2018 edition!
   = note: for more information, see issue #49716 <https://github.com/rust-lang/rust/issues/49716>

error: `await` is a keyword in the 2018 edition
  --> $DIR/2015-edition-warning.rs:17:23
   |
LL | use outer_mod::await::await;
   |                       ^^^^^ help: you can use a raw identifier to stay compatible: `r#await`
   |
   = warning: this was previously accepted by the compiler but is being phased out
   = warning: it will become a hard error in the 2018 edition!
   = note: for more information, see issue #49716 <https://github.com/rust-lang/rust/issues/49716>

error: `await` is a keyword in the 2018 edition
  --> $DIR/2015-edition-warning.rs:26:11
   |
LL |     match await { await => {} }
   |           ^^^^^ help: you can use a raw identifier to stay compatible: `r#await`
   |
   = warning: this was previously accepted by the compiler but is being phased out
   = warning: it will become a hard error in the 2018 edition!
   = note: for more information, see issue #49716 <https://github.com/rust-lang/rust/issues/49716>

error: `await` is a keyword in the 2018 edition
  --> $DIR/2015-edition-warning.rs:26:19
   |
LL |     match await { await => {} }
   |                   ^^^^^ help: you can use a raw identifier to stay compatible: `r#await`
   |
   = warning: this was previously accepted by the compiler but is being phased out
   = warning: it will become a hard error in the 2018 edition!
   = note: for more information, see issue #49716 <https://github.com/rust-lang/rust/issues/49716>

error: aborting due to 6 previous errors

