warning: irrefutable `let` pattern
  --> $DIR/while-let.rs:14:10
   |
LL |     foo!(_a, 1, {
   |          ^^
   |
   = note: `#[warn(irrefutable_let_patterns)]` on by default

warning: irrefutable `let` pattern
  --> $DIR/while-let.rs:18:10
   |
LL |     bar!(_a, 1, {
   |          ^^

warning: irrefutable `let` pattern
  --> $DIR/while-let.rs:25:15
   |
LL |     while let _a = 1 {
   |               ^^

