error: `dyn` is a keyword in the 2018 edition
  --> $DIR/dyn-2015-edition-keyword-ident-lint.rs:13:13
   |
LL |     pub mod dyn {
   |             ^^^ help: you can use a raw identifier to stay compatible: `r#dyn`
   |
note: lint level defined here
  --> $DIR/dyn-2015-edition-keyword-ident-lint.rs:10:9
   |
LL | #![deny(keyword_idents)]
   |         ^^^^^^^^^^^^^^
   = warning: this was previously accepted by the compiler but is being phased out
   = warning: it will become a hard error in the 2018 edition!
   = note: for more information, see issue #49716 <https://github.com/rust-lang/rust/issues/49716>

error: `dyn` is a keyword in the 2018 edition
  --> $DIR/dyn-2015-edition-keyword-ident-lint.rs:17:20
   |
LL |         pub struct dyn;
   |                    ^^^ help: you can use a raw identifier to stay compatible: `r#dyn`
   |
   = warning: this was previously accepted by the compiler but is being phased out
   = warning: it will become a hard error in the 2018 edition!
   = note: for more information, see issue #49716 <https://github.com/rust-lang/rust/issues/49716>

error: `dyn` is a keyword in the 2018 edition
  --> $DIR/dyn-2015-edition-keyword-ident-lint.rs:23:16
   |
LL | use outer_mod::dyn::dyn;
   |                ^^^ help: you can use a raw identifier to stay compatible: `r#dyn`
   |
   = warning: this was previously accepted by the compiler but is being phased out
   = warning: it will become a hard error in the 2018 edition!
   = note: for more information, see issue #49716 <https://github.com/rust-lang/rust/issues/49716>

error: `dyn` is a keyword in the 2018 edition
  --> $DIR/dyn-2015-edition-keyword-ident-lint.rs:23:21
   |
LL | use outer_mod::dyn::dyn;
   |                     ^^^ help: you can use a raw identifier to stay compatible: `r#dyn`
   |
   = warning: this was previously accepted by the compiler but is being phased out
   = warning: it will become a hard error in the 2018 edition!
   = note: for more information, see issue #49716 <https://github.com/rust-lang/rust/issues/49716>

error: `dyn` is a keyword in the 2018 edition
  --> $DIR/dyn-2015-edition-keyword-ident-lint.rs:32:11
   |
LL |     match dyn { dyn => {} }
   |           ^^^ help: you can use a raw identifier to stay compatible: `r#dyn`
   |
   = warning: this was previously accepted by the compiler but is being phased out
   = warning: it will become a hard error in the 2018 edition!
   = note: for more information, see issue #49716 <https://github.com/rust-lang/rust/issues/49716>

error: `dyn` is a keyword in the 2018 edition
  --> $DIR/dyn-2015-edition-keyword-ident-lint.rs:32:17
   |
LL |     match dyn { dyn => {} }
   |                 ^^^ help: you can use a raw identifier to stay compatible: `r#dyn`
   |
   = warning: this was previously accepted by the compiler but is being phased out
   = warning: it will become a hard error in the 2018 edition!
   = note: for more information, see issue #49716 <https://github.com/rust-lang/rust/issues/49716>

error: `dyn` is a keyword in the 2018 edition
  --> $DIR/dyn-2015-edition-keyword-ident-lint.rs:39:17
   |
LL |     macro_defn::dyn();
   |                 ^^^ help: you can use a raw identifier to stay compatible: `r#dyn`
   |
   = warning: this was previously accepted by the compiler but is being phased out
   = warning: it will become a hard error in the 2018 edition!
   = note: for more information, see issue #49716 <https://github.com/rust-lang/rust/issues/49716>

error: `dyn` is a keyword in the 2018 edition
  --> $DIR/dyn-2015-edition-keyword-ident-lint.rs:50:18
   |
LL |     macro_rules! dyn {
   |                  ^^^ help: you can use a raw identifier to stay compatible: `r#dyn`
   |
   = warning: this was previously accepted by the compiler but is being phased out
   = warning: it will become a hard error in the 2018 edition!
   = note: for more information, see issue #49716 <https://github.com/rust-lang/rust/issues/49716>

error: `dyn` is a keyword in the 2018 edition
  --> $DIR/dyn-2015-edition-keyword-ident-lint.rs:59:12
   |
LL |     pub fn dyn() -> ::outer_mod::dyn::dyn {
   |            ^^^ help: you can use a raw identifier to stay compatible: `r#dyn`
   |
   = warning: this was previously accepted by the compiler but is being phased out
   = warning: it will become a hard error in the 2018 edition!
   = note: for more information, see issue #49716 <https://github.com/rust-lang/rust/issues/49716>

error: `dyn` is a keyword in the 2018 edition
  --> $DIR/dyn-2015-edition-keyword-ident-lint.rs:59:34
   |
LL |     pub fn dyn() -> ::outer_mod::dyn::dyn {
   |                                  ^^^ help: you can use a raw identifier to stay compatible: `r#dyn`
   |
   = warning: this was previously accepted by the compiler but is being phased out
   = warning: it will become a hard error in the 2018 edition!
   = note: for more information, see issue #49716 <https://github.com/rust-lang/rust/issues/49716>

error: `dyn` is a keyword in the 2018 edition
  --> $DIR/dyn-2015-edition-keyword-ident-lint.rs:59:39
   |
LL |     pub fn dyn() -> ::outer_mod::dyn::dyn {
   |                                       ^^^ help: you can use a raw identifier to stay compatible: `r#dyn`
   |
   = warning: this was previously accepted by the compiler but is being phased out
   = warning: it will become a hard error in the 2018 edition!
   = note: for more information, see issue #49716 <https://github.com/rust-lang/rust/issues/49716>

error: `dyn` is a keyword in the 2018 edition
  --> $DIR/dyn-2015-edition-keyword-ident-lint.rs:69:22
   |
LL |         ::outer_mod::dyn::dyn
   |                      ^^^ help: you can use a raw identifier to stay compatible: `r#dyn`
   |
   = warning: this was previously accepted by the compiler but is being phased out
   = warning: it will become a hard error in the 2018 edition!
   = note: for more information, see issue #49716 <https://github.com/rust-lang/rust/issues/49716>

error: `dyn` is a keyword in the 2018 edition
  --> $DIR/dyn-2015-edition-keyword-ident-lint.rs:69:27
   |
LL |         ::outer_mod::dyn::dyn
   |                           ^^^ help: you can use a raw identifier to stay compatible: `r#dyn`
   |
   = warning: this was previously accepted by the compiler but is being phased out
   = warning: it will become a hard error in the 2018 edition!
   = note: for more information, see issue #49716 <https://github.com/rust-lang/rust/issues/49716>

error: `dyn` is a keyword in the 2018 edition
  --> $DIR/dyn-2015-edition-keyword-ident-lint.rs:80:23
   |
LL |     pub fn boxed() -> dyn!(
   |                       ^^^ help: you can use a raw identifier to stay compatible: `r#dyn`
   |
   = warning: this was previously accepted by the compiler but is being phased out
   = warning: it will become a hard error in the 2018 edition!
   = note: for more information, see issue #49716 <https://github.com/rust-lang/rust/issues/49716>

error: aborting due to 14 previous errors

