warning: irrefutable `let` pattern
  --> $DIR/if-let.rs:13:10
   |
LL |     foo!(a, 1, {
   |          ^
   |
   = note: `#[warn(irrefutable_let_patterns)]` on by default

warning: irrefutable `let` pattern
  --> $DIR/if-let.rs:17:10
   |
LL |     bar!(a, 1, {
   |          ^

warning: irrefutable `let` pattern
  --> $DIR/if-let.rs:24:12
   |
LL |     if let a = 1 {
   |            ^

warning: irrefutable `let` pattern
  --> $DIR/if-let.rs:29:12
   |
LL |     if let a = 1 {
   |            ^

warning: irrefutable `let` pattern
  --> $DIR/if-let.rs:40:19
   |
LL |     } else if let a = 1 {
   |                   ^

warning: irrefutable `let` pattern
  --> $DIR/if-let.rs:47:19
   |
LL |     } else if let a = 1 {
   |                   ^

