error: floating-point types cannot be used in patterns
  --> $DIR/lint-min-warn-cannot-allow.rs:7:12
   |
LL |     if let 0.0 = 0.0 {}
   |            ^^^
   |
note: lint level defined here
  --> $DIR/lint-min-warn-cannot-allow.rs:1:9
   |
LL | #![deny(warnings)]
   |         ^^^^^^^^
   = note: #[deny(illegal_floating_point_literal_pattern)] implied by #[deny(warnings)]
   = note: #[warn(illegal_floating_point_literal_pattern)] is the minimum lint level
   = note: the lint level cannot be reduced to `allow`
   = warning: this was previously accepted by the compiler but is being phased out
   = warning: it will become a hard error in a future release!
   = note: for more information, see issue #41620 <https://github.com/rust-lang/rust/issues/41620>

error: aborting due to previous error

