error: private type `types::Priv` in public interface (error E0446)
  --> $DIR/private-in-public-warn.rs:15:5
   |
LL |     pub type Alias = Priv;
   |     ^^^^^^^^^^^^^^^^^^^^^^
   |
note: lint level defined here
  --> $DIR/private-in-public-warn.rs:5:9
   |
LL | #![deny(private_in_public)]
   |         ^^^^^^^^^^^^^^^^^
   = warning: this was previously accepted by the compiler but is being phased out
   = warning: it will become a hard error in a future release!
   = note: for more information, see issue #34537 <https://github.com/rust-lang/rust/issues/34537>

error: private type `types::Priv` in public interface (error E0446)
  --> $DIR/private-in-public-warn.rs:19:12
   |
LL |         V1(Priv),
   |            ^^^^
   |
   = warning: this was previously accepted by the compiler but is being phased out
   = warning: it will become a hard error in a future release!
   = note: for more information, see issue #34537 <https://github.com/rust-lang/rust/issues/34537>

error: private type `types::Priv` in public interface (error E0446)
  --> $DIR/private-in-public-warn.rs:22:14
   |
LL |         V2 { field: Priv },
   |              ^^^^^^^^^^^
   |
   = warning: this was previously accepted by the compiler but is being phased out
   = warning: it will become a hard error in a future release!
   = note: for more information, see issue #34537 <https://github.com/rust-lang/rust/issues/34537>

error: private type `types::Priv` in public interface (error E0446)
  --> $DIR/private-in-public-warn.rs:27:9
   |
LL |         const C: Priv = Priv;
   |         ^^^^^^^^^^^^^^^^^^^^^
   |
   = warning: this was previously accepted by the compiler but is being phased out
   = warning: it will become a hard error in a future release!
   = note: for more information, see issue #34537 <https://github.com/rust-lang/rust/issues/34537>

error[E0446]: private type `types::Priv` in public interface
  --> $DIR/private-in-public-warn.rs:30:9
   |
LL |     struct Priv;
   |     - `types::Priv` declared as private
...
LL |         type Alias = Priv;
   |         ^^^^^^^^^^^^^^^^^^ can't leak private type

error: private type `types::Priv` in public interface (error E0446)
  --> $DIR/private-in-public-warn.rs:31:9
   |
LL |         fn f1(arg: Priv) {}
   |         ^^^^^^^^^^^^^^^^^^^
   |
   = warning: this was previously accepted by the compiler but is being phased out
   = warning: it will become a hard error in a future release!
   = note: for more information, see issue #34537 <https://github.com/rust-lang/rust/issues/34537>

error: private type `types::Priv` in public interface (error E0446)
  --> $DIR/private-in-public-warn.rs:34:9
   |
LL |         fn f2() -> Priv { panic!() }
   |         ^^^^^^^^^^^^^^^^^^^^^^^^^^^^
   |
   = warning: this was previously accepted by the compiler but is being phased out
   = warning: it will become a hard error in a future release!
   = note: for more information, see issue #34537 <https://github.com/rust-lang/rust/issues/34537>

error: private type `types::Priv` in public interface (error E0446)
  --> $DIR/private-in-public-warn.rs:39:9
   |
LL |         pub static ES: Priv;
   |         ^^^^^^^^^^^^^^^^^^^^
   |
   = warning: this was previously accepted by the compiler but is being phased out
   = warning: it will become a hard error in a future release!
   = note: for more information, see issue #34537 <https://github.com/rust-lang/rust/issues/34537>

error: private type `types::Priv` in public interface (error E0446)
  --> $DIR/private-in-public-warn.rs:42:9
   |
LL |         pub fn ef1(arg: Priv);
   |         ^^^^^^^^^^^^^^^^^^^^^^
   |
   = warning: this was previously accepted by the compiler but is being phased out
   = warning: it will become a hard error in a future release!
   = note: for more information, see issue #34537 <https://github.com/rust-lang/rust/issues/34537>

error: private type `types::Priv` in public interface (error E0446)
  --> $DIR/private-in-public-warn.rs:45:9
   |
LL |         pub fn ef2() -> Priv;
   |         ^^^^^^^^^^^^^^^^^^^^^
   |
   = warning: this was previously accepted by the compiler but is being phased out
   = warning: it will become a hard error in a future release!
   = note: for more information, see issue #34537 <https://github.com/rust-lang/rust/issues/34537>

error[E0446]: private type `types::Priv` in public interface
  --> $DIR/private-in-public-warn.rs:50:9
   |
LL |     struct Priv;
   |     - `types::Priv` declared as private
...
LL |         type Alias = Priv;
   |         ^^^^^^^^^^^^^^^^^^ can't leak private type

error: private trait `traits::PrivTr` in public interface (error E0445)
  --> $DIR/private-in-public-warn.rs:59:5
   |
LL |     pub type Alias<T: PrivTr> = T;
   |     ^^^^^^^^^^^^^^^^^^^^^^^^^^^^^^
   |
   = warning: this was previously accepted by the compiler but is being phased out
   = warning: it will become a hard error in a future release!
   = note: for more information, see issue #34537 <https://github.com/rust-lang/rust/issues/34537>

error: private trait `traits::PrivTr` in public interface (error E0445)
  --> $DIR/private-in-public-warn.rs:63:5
   |
LL |     pub trait Tr1: PrivTr {}
   |     ^^^^^^^^^^^^^^^^^^^^^^^^
   |
   = warning: this was previously accepted by the compiler but is being phased out
   = warning: it will become a hard error in a future release!
   = note: for more information, see issue #34537 <https://github.com/rust-lang/rust/issues/34537>

error: private trait `traits::PrivTr` in public interface (error E0445)
  --> $DIR/private-in-public-warn.rs:66:5
   |
LL |     pub trait Tr2<T: PrivTr> {}
   |     ^^^^^^^^^^^^^^^^^^^^^^^^^^^
   |
   = warning: this was previously accepted by the compiler but is being phased out
   = warning: it will become a hard error in a future release!
   = note: for more information, see issue #34537 <https://github.com/rust-lang/rust/issues/34537>

error: private trait `traits::PrivTr` in public interface (error E0445)
  --> $DIR/private-in-public-warn.rs:69:5
   |
LL | /     pub trait Tr3 {
LL | |
LL | |
LL | |
...  |
LL | |
LL | |     }
   | |_____^
   |
   = warning: this was previously accepted by the compiler but is being phased out
   = warning: it will become a hard error in a future release!
   = note: for more information, see issue #34537 <https://github.com/rust-lang/rust/issues/34537>

error: private trait `traits::PrivTr` in public interface (error E0445)
  --> $DIR/private-in-public-warn.rs:74:9
   |
LL |         fn f<T: PrivTr>(arg: T) {}
   |         ^^^^^^^^^^^^^^^^^^^^^^^^^^
   |
   = warning: this was previously accepted by the compiler but is being phased out
   = warning: it will become a hard error in a future release!
   = note: for more information, see issue #34537 <https://github.com/rust-lang/rust/issues/34537>

error: private trait `traits::PrivTr` in public interface (error E0445)
  --> $DIR/private-in-public-warn.rs:78:5
   |
LL |     impl<T: PrivTr> Pub<T> {}
   |     ^^^^^^^^^^^^^^^^^^^^^^^^^
   |
   = warning: this was previously accepted by the compiler but is being phased out
   = warning: it will become a hard error in a future release!
   = note: for more information, see issue #34537 <https://github.com/rust-lang/rust/issues/34537>

error: private trait `traits::PrivTr` in public interface (error E0445)
  --> $DIR/private-in-public-warn.rs:81:5
   |
LL |     impl<T: PrivTr> PubTr for Pub<T> {}
   |     ^^^^^^^^^^^^^^^^^^^^^^^^^^^^^^^^^^^
   |
   = warning: this was previously accepted by the compiler but is being phased out
   = warning: it will become a hard error in a future release!
   = note: for more information, see issue #34537 <https://github.com/rust-lang/rust/issues/34537>

error: private trait `traits_where::PrivTr` in public interface (error E0445)
  --> $DIR/private-in-public-warn.rs:91:5
   |
LL |     pub type Alias<T> where T: PrivTr = T;
   |     ^^^^^^^^^^^^^^^^^^^^^^^^^^^^^^^^^^^^^^
   |
   = warning: this was previously accepted by the compiler but is being phased out
   = warning: it will become a hard error in a future release!
   = note: for more information, see issue #34537 <https://github.com/rust-lang/rust/issues/34537>

error: private trait `traits_where::PrivTr` in public interface (error E0445)
  --> $DIR/private-in-public-warn.rs:96:5
   |
LL |     pub trait Tr2<T> where T: PrivTr {}
   |     ^^^^^^^^^^^^^^^^^^^^^^^^^^^^^^^^^^^
   |
   = warning: this was previously accepted by the compiler but is being phased out
   = warning: it will become a hard error in a future release!
   = note: for more information, see issue #34537 <https://github.com/rust-lang/rust/issues/34537>

error: private trait `traits_where::PrivTr` in public interface (error E0445)
  --> $DIR/private-in-public-warn.rs:101:9
   |
LL |         fn f<T>(arg: T) where T: PrivTr {}
   |         ^^^^^^^^^^^^^^^^^^^^^^^^^^^^^^^^^^
   |
   = warning: this was previously accepted by the compiler but is being phased out
   = warning: it will become a hard error in a future release!
   = note: for more information, see issue #34537 <https://github.com/rust-lang/rust/issues/34537>

error: private trait `traits_where::PrivTr` in public interface (error E0445)
  --> $DIR/private-in-public-warn.rs:106:5
   |
LL |     impl<T> Pub<T> where T: PrivTr {}
   |     ^^^^^^^^^^^^^^^^^^^^^^^^^^^^^^^^^
   |
   = warning: this was previously accepted by the compiler but is being phased out
   = warning: it will become a hard error in a future release!
   = note: for more information, see issue #34537 <https://github.com/rust-lang/rust/issues/34537>

error: private trait `traits_where::PrivTr` in public interface (error E0445)
  --> $DIR/private-in-public-warn.rs:110:5
   |
LL |     impl<T> PubTr for Pub<T> where T: PrivTr {}
   |     ^^^^^^^^^^^^^^^^^^^^^^^^^^^^^^^^^^^^^^^^^^^
   |
   = warning: this was previously accepted by the compiler but is being phased out
   = warning: it will become a hard error in a future release!
   = note: for more information, see issue #34537 <https://github.com/rust-lang/rust/issues/34537>

error: private trait `generics::PrivTr<generics::Pub>` in public interface (error E0445)
  --> $DIR/private-in-public-warn.rs:122:5
   |
LL |     pub trait Tr1: PrivTr<Pub> {}
   |     ^^^^^^^^^^^^^^^^^^^^^^^^^^^^^
   |
   = warning: this was previously accepted by the compiler but is being phased out
   = warning: it will become a hard error in a future release!
   = note: for more information, see issue #34537 <https://github.com/rust-lang/rust/issues/34537>

error: private type `generics::Priv` in public interface (error E0446)
  --> $DIR/private-in-public-warn.rs:126:5
   |
LL |     pub trait Tr2: PubTr<Priv> {}
   |     ^^^^^^^^^^^^^^^^^^^^^^^^^^^^^
   |
   = warning: this was previously accepted by the compiler but is being phased out
   = warning: it will become a hard error in a future release!
   = note: for more information, see issue #34537 <https://github.com/rust-lang/rust/issues/34537>

error: private type `generics::Priv` in public interface (error E0446)
  --> $DIR/private-in-public-warn.rs:129:5
   |
LL |     pub trait Tr3: PubTr<[Priv; 1]> {}
   |     ^^^^^^^^^^^^^^^^^^^^^^^^^^^^^^^^^^
   |
   = warning: this was previously accepted by the compiler but is being phased out
   = warning: it will become a hard error in a future release!
   = note: for more information, see issue #34537 <https://github.com/rust-lang/rust/issues/34537>

error: private type `generics::Priv` in public interface (error E0446)
  --> $DIR/private-in-public-warn.rs:132:5
   |
LL |     pub trait Tr4: PubTr<Pub<Priv>> {}
   |     ^^^^^^^^^^^^^^^^^^^^^^^^^^^^^^^^^^
   |
   = warning: this was previously accepted by the compiler but is being phased out
   = warning: it will become a hard error in a future release!
   = note: for more information, see issue #34537 <https://github.com/rust-lang/rust/issues/34537>

error[E0446]: private type `impls::Priv` in public interface
  --> $DIR/private-in-public-warn.rs:160:9
   |
LL |     struct Priv;
   |     - `impls::Priv` declared as private
...
LL |         type Alias = Priv;
   |         ^^^^^^^^^^^^^^^^^^ can't leak private type

error: private type `aliases_pub::Priv` in public interface (error E0446)
  --> $DIR/private-in-public-warn.rs:231:9
   |
LL |         pub fn f(arg: Priv) {}
   |         ^^^^^^^^^^^^^^^^^^^^^^
   |
   = warning: this was previously accepted by the compiler but is being phased out
   = warning: it will become a hard error in a future release!
   = note: for more information, see issue #34537 <https://github.com/rust-lang/rust/issues/34537>

error[E0446]: private type `aliases_pub::Priv` in public interface
  --> $DIR/private-in-public-warn.rs:236:9
   |
LL |     struct Priv;
   |     - `aliases_pub::Priv` declared as private
...
LL |         type Check = Priv;
   |         ^^^^^^^^^^^^^^^^^^ can't leak private type

error[E0446]: private type `aliases_pub::Priv` in public interface
  --> $DIR/private-in-public-warn.rs:239:9
   |
LL |     struct Priv;
   |     - `aliases_pub::Priv` declared as private
...
LL |         type Check = Priv;
   |         ^^^^^^^^^^^^^^^^^^ can't leak private type

error[E0446]: private type `aliases_pub::Priv` in public interface
  --> $DIR/private-in-public-warn.rs:242:9
   |
LL |     struct Priv;
   |     - `aliases_pub::Priv` declared as private
...
LL |         type Check = Priv;
   |         ^^^^^^^^^^^^^^^^^^ can't leak private type

error[E0446]: private type `aliases_pub::Priv` in public interface
  --> $DIR/private-in-public-warn.rs:245:9
   |
LL |     struct Priv;
   |     - `aliases_pub::Priv` declared as private
...
LL |         type Check = Priv;
   |         ^^^^^^^^^^^^^^^^^^ can't leak private type

error: private trait `aliases_priv::PrivTr1` in public interface (error E0445)
  --> $DIR/private-in-public-warn.rs:275:5
   |
LL |     pub trait Tr1: PrivUseAliasTr {}
   |     ^^^^^^^^^^^^^^^^^^^^^^^^^^^^^^^^
   |
   = warning: this was previously accepted by the compiler but is being phased out
   = warning: it will become a hard error in a future release!
   = note: for more information, see issue #34537 <https://github.com/rust-lang/rust/issues/34537>

error: private trait `aliases_priv::PrivTr1<aliases_priv::Priv2>` in public interface (error E0445)
  --> $DIR/private-in-public-warn.rs:279:5
   |
LL |     pub trait Tr2: PrivUseAliasTr<PrivAlias> {}
   |     ^^^^^^^^^^^^^^^^^^^^^^^^^^^^^^^^^^^^^^^^^^^
   |
   = warning: this was previously accepted by the compiler but is being phased out
   = warning: it will become a hard error in a future release!
   = note: for more information, see issue #34537 <https://github.com/rust-lang/rust/issues/34537>

error: private type `aliases_priv::Priv2` in public interface (error E0446)
  --> $DIR/private-in-public-warn.rs:279:5
   |
LL |     pub trait Tr2: PrivUseAliasTr<PrivAlias> {}
   |     ^^^^^^^^^^^^^^^^^^^^^^^^^^^^^^^^^^^^^^^^^^^
   |
   = warning: this was previously accepted by the compiler but is being phased out
   = warning: it will become a hard error in a future release!
   = note: for more information, see issue #34537 <https://github.com/rust-lang/rust/issues/34537>

warning: bounds on generic parameters are not enforced in type aliases
  --> $DIR/private-in-public-warn.rs:59:23
   |
LL |     pub type Alias<T: PrivTr> = T;
   |                       ^^^^^^
   |
   = note: #[warn(type_alias_bounds)] on by default
   = help: the bound will not be checked when the type alias is used, and should be removed

warning: where clauses are not enforced in type aliases
  --> $DIR/private-in-public-warn.rs:91:29
   |
LL |     pub type Alias<T> where T: PrivTr = T;
   |                             ^^^^^^^^^
   |
   = help: the clause will not be checked when the type alias is used, and should be removed

error: aborting due to 36 previous errors

For more information about this error, try `rustc --explain E0446`.
